{
  _type: 'element',
  tags: null,
  links: null,
  viewOf: 'banconexion',
  _stage: 'layouted',
  sourcePath: 'platforms/Banco Digital/systems/banconexion/model.views.c4',
  description: null,
  title: 'Banco Digital / Banconexion / C4 Level 2: Containers',
  id: 'containers-banconexion',
  autoLayout: {
    direction: 'TB',
  },
  notation: {
    nodes: [
      {
        title: 'Mobile App',
        shape: 'mobile',
        color: 'primary',
        kinds: [
          'mobileApp',
        ],
      },
      {
        title: 'Person, Customer',
        shape: 'person',
        color: 'primary',
        kinds: [
          'actor',
        ],
      },
      {
        title: 'Enterprise Service Bus',
        shape: 'rectangle',
        color: 'secondary',
        kinds: [
          'esb',
        ],
      },
      {
        title: 'Identity Gateway',
        shape: 'rectangle',
        color: 'secondary',
        kinds: [
          'idg',
        ],
      },
      {
        title: 'Software system',
        shape: 'rectangle',
        color: 'primary',
        kinds: [
          'system',
        ],
      },
      {
        title: 'Web Server',
        shape: 'rectangle',
        color: 'secondary',
        kinds: [
          'webserver',
        ],
      },
      {
        title: 'Relational Database',
        shape: 'storage',
        color: 'secondary',
        kinds: [
          'database',
        ],
      },
    ],
  },
  hash: 'T0azHvempjNX9x-Ca1tB5OS2WW_F1h5ygElqJulhXDQ',
  bounds: {
    x: -11,
    y: -20,
    width: 1878,
    height: 1096,
  },
  nodes: [
    {
      id: 'clienteempresa',
      parent: null,
      level: 0,
      children: [],
      inEdges: [],
      outEdges: [
        'i0dlxa',
      ],
      title: 'Cliente Empresa',
      modelRef: 'clienteempresa',
      shape: 'person',
      color: 'primary',
      style: {
        opacity: 10,
        size: 'md',
      },
      tags: [],
      notation: 'Person, Customer',
      kind: 'actor',
      x: 68,
      y: 0,
      width: 320,
      height: 180,
      labelBBox: {
        x: 85,
        y: 56,
        width: 150,
        height: 24,
      },
      navigateTo: null,
      links: null,
    },
    {
      id: 'banconexion',
      parent: null,
      level: 0,
      children: [
        'banconexion.mobileApp',
        'banconexion.webserver',
        'banconexion.WebLogic',
        'banconexion.esb',
        'banconexion.database',
        'banconexion.idg',
      ],
      inEdges: [
        'i0dlxa',
      ],
      outEdges: [],
      title: 'Banconexion',
      modelRef: 'banconexion',
      shape: 'rectangle',
      color: 'primary',
      style: {
        border: 'none',
        opacity: 35,
        size: 'md',
      },
      description: {
        txt: '',
      },
      tags: [
        'banco-digital',
        'Agil',
      ],
      notation: 'Software system',
      kind: 'system',
      depth: 1,
      navigateTo: 'context-banconexion',
      x: 9,
      y: 240,
      width: 1838,
      height: 816,
      labelBBox: {
        x: 6,
        y: 0,
        width: 85,
        height: 15,
      },
      links: null,
    },
    {
      id: 'banconexion.mobileApp',
      parent: 'banconexion',
      level: 1,
      children: [],
      inEdges: [
        'i0dlxa',
      ],
      outEdges: [
        '1c7coji',
      ],
      title: 'Mobile App',
      modelRef: 'banconexion.mobileApp',
      shape: 'mobile',
      color: 'primary',
      style: {
        opacity: 10,
        size: 'md',
      },
      tags: [],
      notation: 'Mobile App',
      kind: 'mobileApp',
      x: 68,
      y: 300,
      width: 320,
      height: 180,
      labelBBox: {
        x: 110,
        y: 56,
        width: 100,
        height: 24,
      },
      navigateTo: null,
      links: null,
    },
    {
      id: 'banconexion.webserver',
      parent: 'banconexion',
      level: 1,
      children: [],
      inEdges: [
        '1c7coji',
      ],
      outEdges: [
        '9j88n5',
      ],
      title: 'Apache HTTP Server',
      modelRef: 'banconexion.webserver',
      shape: 'rectangle',
      color: 'secondary',
      icon: 'tech:apache',
      style: {
        border: 'none',
        opacity: 10,
        size: 'md',
      },
      description: {
        txt: 'Punto de entrada web al ambiente Banconexion.',
      },
      tags: [],
      notation: 'Web Server',
      technology: 'Apache',
      kind: 'webserver',
      x: 51,
      y: 600,
      width: 354,
      height: 180,
      labelBBox: {
        x: 47,
        y: 26,
        width: 291,
        height: 90,
      },
      navigateTo: null,
      links: null,
    },
    {
      id: 'banconexion.WebLogic',
      parent: 'banconexion',
      level: 1,
      children: [],
      inEdges: [
        '9j88n5',
        '1c8p068',
      ],
      outEdges: [
        '4gf2ao',
        '1ydcf4h',
      ],
      title: 'WebLogic',
      modelRef: 'banconexion.WebLogic',
      shape: 'rectangle',
      color: 'primary',
      icon: 'tech:oracle',
      style: {
        opacity: 10,
        size: 'md',
      },
      description: {
        txt: 'Servidor de aplicaciones WebLogic',
      },
      tags: [],
      technology: 'Oracle',
      kind: 'container',
      x: 516,
      y: 580,
      width: 360,
      height: 180,
      labelBBox: {
        x: 47,
        y: 35,
        width: 297,
        height: 72,
      },
      navigateTo: null,
      links: null,
    },
    {
      id: 'banconexion.esb',
      parent: 'banconexion',
      level: 1,
      children: [],
      inEdges: [
        '4gf2ao',
      ],
      outEdges: [
        '1c8p068',
        '1v5kvuc',
      ],
      title: 'Enterprise Service Bus',
      modelRef: 'banconexion.esb',
      shape: 'rectangle',
      color: 'secondary',
      icon: 'tech:oracle',
      style: {
        opacity: 20,
        size: 'md',
      },
      description: {
        txt: 'Servicio de bus de integración',
      },
      tags: [],
      notation: 'Enterprise Service Bus',
      technology: 'Oracle',
      kind: 'esb',
      x: 1043,
      y: 570,
      width: 327,
      height: 180,
      labelBBox: {
        x: 47,
        y: 35,
        width: 264,
        height: 72,
      },
      navigateTo: null,
      links: null,
    },
    {
      id: 'banconexion.database',
      parent: 'banconexion',
      level: 1,
      children: [],
      inEdges: [
        '1ydcf4h',
      ],
      outEdges: [],
      title: 'Database Oracle',
      modelRef: 'banconexion.database',
      shape: 'storage',
      color: 'secondary',
      icon: 'tech:oracle',
      style: {
        border: 'none',
        opacity: 35,
        size: 'md',
      },
      description: {
        txt: 'Base de datos Database Oracle',
      },
      tags: [],
      notation: 'Relational Database',
      technology: 'Oracle',
      kind: 'database',
      x: 526,
      y: 834,
      width: 338,
      height: 180,
      labelBBox: {
        x: 47,
        y: 35,
        width: 275,
        height: 72,
      },
      navigateTo: null,
      links: null,
    },
    {
      id: 'banconexion.idg',
      parent: 'banconexion',
      level: 1,
      children: [],
      inEdges: [
        '1v5kvuc',
      ],
      outEdges: [],
      title: 'Identity Gateway',
      modelRef: 'banconexion.idg',
      shape: 'rectangle',
      color: 'secondary',
      style: {
        opacity: 20,
        size: 'md',
      },
      description: {
        txt: 'Servicio de autenticación y autorización',
      },
      tags: [],
      notation: 'Identity Gateway',
      kind: 'idg',
      x: 1485,
      y: 570,
      width: 320,
      height: 180,
      labelBBox: {
        x: 25,
        y: 45,
        width: 271,
        height: 52,
      },
      navigateTo: null,
      links: null,
    },
  ],
  edges: [
    {
      id: 'i0dlxa',
      source: 'clienteempresa',
      target: 'banconexion.mobileApp',
      label: null,
      points: [
        [
          228,
          180,
        ],
        [
          228,
          214,
        ],
        [
          228,
          254,
        ],
        [
          228,
          290,
        ],
      ],
      labelBBox: null,
      parent: null,
      relations: [
        'tfqfpy',
      ],
      color: 'gray',
      line: 'dashed',
      head: 'normal',
      controlPoints: null,
      navigateTo: null,
      tags: null,
    },
    {
      id: '1c7coji',
      source: 'banconexion.mobileApp',
      target: 'banconexion.webserver',
      label: null,
      points: [
        [
          228,
          480,
        ],
        [
          228,
          514,
        ],
        [
          228,
          554,
        ],
        [
          228,
          590,
        ],
      ],
      labelBBox: null,
      parent: 'banconexion',
      relations: [
        'cocml3',
      ],
      color: 'gray',
      line: 'dashed',
      head: 'normal',
      controlPoints: null,
      navigateTo: null,
      tags: null,
    },
    {
      id: '9j88n5',
      source: 'banconexion.webserver',
      target: 'banconexion.WebLogic',
      label: null,
      points: [
        [
          228,
          780,
        ],
        [
          228,
          814,
        ],
        [
          228,
          854,
        ],
        [
          228,
          890,
        ],
      ],
      labelBBox: null,
      parent: 'banconexion',
      relations: [
        '1nr2xif',
      ],
      color: 'gray',
      line: 'dashed',
      head: 'normal',
      controlPoints: [
        {
          x: 452,
          y: 680,
        },
      ],
      navigateTo: null,
      tags: null,
    },
    {
      id: '4gf2ao',
      source: 'banconexion.WebLogic',
      target: 'banconexion.esb',
      label: null,
      points: [
        [
          185,
          1080,
        ],
        [
          179,
          1114,
        ],
        [
          177,
          1154,
        ],
        [
          178,
          1190,
        ],
      ],
      labelBBox: null,
      parent: 'banconexion',
      relations: [
        '10ukl0n',
        'ya5xvj',
      ],
      color: 'gray',
      line: 'dashed',
      head: 'normal',
      controlPoints: [
        {
          x: 933,
          y: 643,
        },
      ],
      navigateTo: null,
      tags: null,
    },
    {
      id: '1ydcf4h',
      source: 'banconexion.WebLogic',
      target: 'banconexion.database',
      label: null,
      points: [
        [
          355,
          1080,
        ],
        [
          408,
          1117,
        ],
        [
          469,
          1159,
        ],
        [
          522,
          1196,
        ],
      ],
      labelBBox: null,
      parent: 'banconexion',
      relations: [
        '1gmyrlb',
        '145r6ne',
      ],
      color: 'gray',
      line: 'dashed',
      head: 'normal',
      controlPoints: [
        {
          x: 694,
          y: 794,
        },
      ],
      navigateTo: null,
      tags: null,
    },
    {
      id: '1c8p068',
      source: 'banconexion.esb',
      target: 'banconexion.WebLogic',
      label: null,
      points: [
        [
          255,
          1200,
        ],
        [
          261,
          1166,
        ],
        [
          263,
          1126,
        ],
        [
          262,
          1090,
        ],
      ],
      labelBBox: null,
      parent: 'banconexion',
      relations: [
        '1nsclvh',
        '1jlnpcs',
      ],
      color: 'gray',
      line: 'dashed',
      head: 'normal',
      controlPoints: [
        {
          x: 966,
          y: 685,
        },
      ],
      navigateTo: null,
      tags: null,
    },
    {
      id: '1v5kvuc',
      source: 'banconexion.esb',
      target: 'banconexion.idg',
      label: null,
      points: [
        [
          212,
          1380,
        ],
        [
          212,
          1414,
        ],
        [
          212,
          1454,
        ],
        [
          212,
          1490,
        ],
      ],
      labelBBox: null,
      parent: 'banconexion',
      relations: [
        '10hj6xa',
      ],
      color: 'gray',
      line: 'dashed',
      head: 'normal',
      controlPoints: [
        {
          x: 1416,
          y: 659,
        },
      ],
      navigateTo: null,
      tags: null,
    },
  ],
  _layout: 'manual',
}
