{
  _type: 'element',
  tags: null,
  links: null,
  viewOf: 'digitalCommerce',
  _stage: 'layouted',
  sourcePath: 'business/core-Business/digital-Commerce/views.c4',
  description: null,
  title: 'Business Capability Map / Core Business Domain / Digital Commerce / Domain Capabilities',
  id: 'digital-Commerce_L1',
  autoLayout: {
    direction: 'TB',
  },
  notation: {
    nodes: [
      {
        title: 'Capacidad de Negocio',
        shape: 'rectangle',
        color: 'gray',
        kinds: [
          'capability',
        ],
      },
    ],
  },
  hash: 'u75kQqEZqp39aTGj28eXGmhUzYSSGMXqHun7gxMVEB0',
  bounds: {
    x: -14,
    y: -11,
    width: 883,
    height: 569,
  },
  nodes: [
    {
      id: '@gr1',
      parent: null,
      kind: '@group',
      title: 'Digital Commerce Domain',
      color: 'gray',
      shape: 'rectangle',
      children: [
        'digitalStorefrontAndChannels',
        'productAndMerchandising',
        'marketingAndEngagement',
        'salesAndOrderManagement',
        'fulfillmentAndLogistics',
        'marketplaceOperations',
        'customerService',
        'platformEnablers',
      ],
      inEdges: [],
      outEdges: [],
      level: 0,
      depth: 1,
      tags: [],
      style: {
        border: 'solid',
        opacity: 20,
      },
      x: 6,
      y: 9,
      width: 843,
      height: 529,
      labelBBox: {
        x: 6,
        y: 0,
        width: 161,
        height: 15,
      },
    },
    {
      id: 'digitalStorefrontAndChannels',
      parent: '@gr1',
      level: 1,
      children: [],
      inEdges: [],
      outEdges: [],
      title: 'Digital Storefront & Channels',
      modelRef: 'digitalStorefrontAndChannels',
      shape: 'rectangle',
      color: 'gray',
      style: {
        border: 'solid',
        opacity: 30,
        size: 'sm',
        textSize: 'sm',
      },
      tags: [],
      notation: 'Capacidad de Negocio',
      kind: 'capability',
      navigateTo: 'digitalStorefrontAndChannels_L2',
      x: 48,
      y: 69,
      width: 240,
      height: 135,
      labelBBox: {
        x: 15,
        y: 55,
        width: 210,
        height: 20,
      },
    },
    {
      id: 'productAndMerchandising',
      parent: '@gr1',
      level: 1,
      children: [],
      inEdges: [],
      outEdges: [],
      title: 'Product & Merchandising',
      modelRef: 'productAndMerchandising',
      shape: 'rectangle',
      color: 'gray',
      style: {
        border: 'solid',
        opacity: 30,
        size: 'sm',
        textSize: 'sm',
      },
      tags: [],
      notation: 'Capacidad de Negocio',
      kind: 'capability',
      navigateTo: 'productAndMerchandising_L2',
      x: 313,
      y: 70,
      width: 240,
      height: 135,
      labelBBox: {
        x: 29,
        y: 55,
        width: 182,
        height: 20,
      },
    },
    {
      id: 'marketingAndEngagement',
      parent: '@gr1',
      level: 1,
      children: [],
      inEdges: [],
      outEdges: [],
      title: 'Marketing & Engagement',
      modelRef: 'marketingAndEngagement',
      shape: 'rectangle',
      color: 'gray',
      style: {
        border: 'solid',
        opacity: 30,
        size: 'sm',
        textSize: 'sm',
      },
      tags: [],
      notation: 'Capacidad de Negocio',
      kind: 'capability',
      navigateTo: 'marketingAndEngagement_L2',
      x: 567,
      y: 72,
      width: 240,
      height: 135,
      labelBBox: {
        x: 28,
        y: 55,
        width: 184,
        height: 20,
      },
    },
    {
      id: 'salesAndOrderManagement',
      parent: '@gr1',
      level: 1,
      children: [],
      inEdges: [],
      outEdges: [],
      title: 'Sales & Order Management',
      modelRef: 'salesAndOrderManagement',
      shape: 'rectangle',
      color: 'gray',
      style: {
        border: 'solid',
        opacity: 30,
        size: 'sm',
        textSize: 'sm',
      },
      tags: [],
      notation: 'Capacidad de Negocio',
      kind: 'capability',
      navigateTo: 'salesAndOrderManagement_L2',
      x: 49,
      y: 217,
      width: 240,
      height: 135,
      labelBBox: {
        x: 19,
        y: 55,
        width: 203,
        height: 20,
      },
    },
    {
      id: 'fulfillmentAndLogistics',
      parent: '@gr1',
      level: 1,
      children: [],
      inEdges: [],
      outEdges: [],
      title: 'Fulfillment & Logistics',
      modelRef: 'fulfillmentAndLogistics',
      shape: 'rectangle',
      color: 'gray',
      style: {
        border: 'solid',
        opacity: 30,
        size: 'sm',
        textSize: 'sm',
      },
      tags: [],
      notation: 'Capacidad de Negocio',
      kind: 'capability',
      navigateTo: 'fulfillmentAndLogistics_L2',
      x: 311,
      y: 219,
      width: 240,
      height: 135,
      labelBBox: {
        x: 41,
        y: 55,
        width: 159,
        height: 20,
      },
    },
    {
      id: 'marketplaceOperations',
      parent: '@gr1',
      level: 1,
      children: [],
      inEdges: [],
      outEdges: [],
      title: 'Marketplace Operations',
      modelRef: 'marketplaceOperations',
      shape: 'rectangle',
      color: 'gray',
      style: {
        border: 'solid',
        opacity: 30,
        size: 'sm',
        textSize: 'sm',
      },
      tags: [],
      notation: 'Capacidad de Negocio',
      kind: 'capability',
      navigateTo: 'marketplaceOperations_L2',
      x: 567,
      y: 220,
      width: 240,
      height: 135,
      labelBBox: {
        x: 34,
        y: 55,
        width: 173,
        height: 20,
      },
    },
    {
      id: 'customerService',
      parent: '@gr1',
      level: 1,
      children: [],
      inEdges: [],
      outEdges: [],
      title: 'Customer Service',
      modelRef: 'customerService',
      shape: 'rectangle',
      color: 'gray',
      style: {
        border: 'solid',
        opacity: 30,
        size: 'sm',
        textSize: 'sm',
      },
      tags: [],
      notation: 'Capacidad de Negocio',
      kind: 'capability',
      navigateTo: 'customerService_L2',
      x: 51,
      y: 361,
      width: 240,
      height: 135,
      labelBBox: {
        x: 55,
        y: 55,
        width: 131,
        height: 20,
      },
    },
    {
      id: 'platformEnablers',
      parent: '@gr1',
      level: 1,
      children: [],
      inEdges: [],
      outEdges: [],
      title: 'Platform Enablers',
      modelRef: 'platformEnablers',
      shape: 'rectangle',
      color: 'gray',
      style: {
        border: 'solid',
        opacity: 30,
        size: 'sm',
        textSize: 'sm',
      },
      tags: [],
      notation: 'Capacidad de Negocio',
      kind: 'capability',
      navigateTo: 'platformEnablers_L2',
      x: 310,
      y: 361,
      width: 240,
      height: 135,
      labelBBox: {
        x: 55,
        y: 55,
        width: 130,
        height: 20,
      },
    },
  ],
  edges: [],
  _layout: 'manual',
}
