{
  _type: 'element',
  tags: null,
  links: null,
  viewOf: 'empleadoCentral.apiApplication',
  _stage: 'layouted',
  sourcePath: 'platforms/Enablers/people/model.views.c4',
  description: null,
  title: 'Platforms / Enablers / People / Empleado Central / C4 Level 3: Components / ApiDorg',
  id: 'empleadoCentralComponentsApiDorg',
  autoLayout: {
    direction: 'TB',
  },
  notation: {
    nodes: [
      {
        title: 'Software system',
        shape: 'rectangle',
        color: 'gray',
        kinds: [
          'system',
        ],
      },
      {
        title: 'Software system',
        shape: 'rectangle',
        color: 'primary',
        kinds: [
          'system',
        ],
      },
    ],
  },
  hash: 'ZpCyO7geMOV0FuyOiJ7VJY8nzk0nUUJG32M-UbgoreY',
  bounds: {
    x: -12,
    y: -21,
    width: 2053,
    height: 1172,
  },
  nodes: [
    {
      id: 'GW',
      parent: null,
      level: 0,
      children: [],
      inEdges: [],
      outEdges: [
        '1mt2l59',
      ],
      title: 'Corporate APIGW',
      modelRef: 'GW',
      shape: 'rectangle',
      color: 'gray',
      style: {
        border: 'none',
        opacity: 35,
        size: 'sm',
      },
      tags: [],
      notation: 'Software system',
      kind: 'system',
      x: 1057,
      y: -1,
      width: 240,
      height: 135,
      labelBBox: {
        x: 54,
        y: 40,
        width: 132,
        height: 20,
      },
    },
    {
      id: 'empleadoCentral.apiApplication',
      parent: null,
      level: 0,
      children: [
        'empleadoCentral.apiApplication.ApiMemp',
        'empleadoCentral.apiApplication.ApiDorg',
        'empleadoCentral.apiApplication.signinController',
        'empleadoCentral.apiApplication.accountsSummaryController',
        'empleadoCentral.apiApplication.resetPasswordController',
        'empleadoCentral.apiApplication.securityComponent',
        'empleadoCentral.apiApplication.mainframeBankingSystemFacade',
        'empleadoCentral.apiApplication.emailComponent',
      ],
      inEdges: [
        '1mt2l59',
      ],
      outEdges: [
        'ro268c',
        '1itmn1p',
      ],
      title: 'API Application',
      modelRef: 'empleadoCentral.apiApplication',
      shape: 'rectangle',
      color: 'sky',
      icon: 'tech:nodejs',
      style: {
        opacity: 10,
        size: 'xs',
      },
      description: {
        txt: 'Maestro de Empleado',
      },
      tags: [],
      technology: 'nodejs',
      kind: 'container',
      depth: 1,
      x: 8,
      y: 226,
      width: 1533,
      height: 905,
      labelBBox: {
        x: 6,
        y: 0,
        width: 97,
        height: 15,
      },
    },
    {
      id: 'empleadoCentral.apiApplication.ApiMemp',
      parent: 'empleadoCentral.apiApplication',
      level: 1,
      children: [],
      inEdges: [
        '1mt2l59',
      ],
      outEdges: [
        'ro268c',
        '1itmn1p',
      ],
      title: 'ApiMemp',
      modelRef: 'empleadoCentral.apiApplication.ApiMemp',
      shape: 'rectangle',
      color: 'sky',
      icon: 'tech:nodejs',
      style: {
        border: 'none',
        opacity: 35,
        size: 'xs',
      },
      description: {
        txt: 'Maestro de Empleado',
      },
      tags: [],
      technology: 'nodejs',
      kind: 'component',
      x: 1321,
      y: 327,
      width: 180,
      height: 100,
      labelBBox: {
        x: 46,
        y: 26,
        width: 101,
        height: 18,
      },
    },
    {
      id: 'empleadoCentral.apiApplication.ApiDorg',
      parent: 'empleadoCentral.apiApplication',
      level: 1,
      children: [],
      inEdges: [],
      outEdges: [],
      title: 'ApiDorg',
      modelRef: 'empleadoCentral.apiApplication.ApiDorg',
      shape: 'rectangle',
      color: 'sky',
      icon: 'tech:nodejs',
      style: {
        border: 'none',
        opacity: 35,
        size: 'xs',
      },
      description: {
        txt: 'Diseño Organizacional',
      },
      tags: [],
      technology: 'nodejs',
      kind: 'component',
      x: 48,
      y: 327,
      width: 180,
      height: 100,
      labelBBox: {
        x: 50,
        y: 26,
        width: 93,
        height: 18,
      },
    },
    {
      id: 'empleadoCentral.apiApplication.signinController',
      parent: 'empleadoCentral.apiApplication',
      level: 1,
      children: [],
      inEdges: [],
      outEdges: [],
      title: 'Sign In Controller',
      modelRef: 'empleadoCentral.apiApplication.signinController',
      shape: 'rectangle',
      color: 'secondary',
      style: {
        border: 'none',
        opacity: 35,
        size: 'md',
      },
      description: {
        txt: 'Allows users to sign in to the Internet Banking System.',
      },
      tags: [],
      technology: 'Spring MVC Rest Controller',
      kind: 'component',
      x: 338,
      y: 287,
      width: 320,
      height: 180,
      labelBBox: {
        x: 34,
        y: 26,
        width: 253,
        height: 90,
      },
    },
    {
      id: 'empleadoCentral.apiApplication.accountsSummaryController',
      parent: 'empleadoCentral.apiApplication',
      level: 1,
      children: [],
      inEdges: [],
      outEdges: [],
      title: 'Accounts Summary Controller',
      modelRef: 'empleadoCentral.apiApplication.accountsSummaryController',
      shape: 'rectangle',
      color: 'secondary',
      style: {
        border: 'none',
        opacity: 35,
        size: 'md',
      },
      description: {
        txt: 'Provides customers with a summary of their bank accounts.',
      },
      tags: [],
      technology: 'Spring MVC Rest Controller',
      kind: 'component',
      x: 877,
      y: 287,
      width: 333,
      height: 180,
      labelBBox: {
        x: 19,
        y: 26,
        width: 297,
        height: 90,
      },
    },
    {
      id: 'empleadoCentral.apiApplication.resetPasswordController',
      parent: 'empleadoCentral.apiApplication',
      level: 1,
      children: [],
      inEdges: [],
      outEdges: [],
      title: 'Reset Password Controller',
      modelRef: 'empleadoCentral.apiApplication.resetPasswordController',
      shape: 'rectangle',
      color: 'secondary',
      style: {
        border: 'none',
        opacity: 35,
        size: 'md',
      },
      description: {
        txt: 'Allows users to reset their passwords with a single use URL.',
      },
      tags: [],
      technology: 'Spring MVC Rest Controller',
      kind: 'component',
      x: 48,
      y: 610,
      width: 335,
      height: 180,
      labelBBox: {
        x: 19,
        y: 26,
        width: 299,
        height: 90,
      },
    },
    {
      id: 'empleadoCentral.apiApplication.securityComponent',
      parent: 'empleadoCentral.apiApplication',
      level: 1,
      children: [],
      inEdges: [],
      outEdges: [],
      title: 'Security Component',
      modelRef: 'empleadoCentral.apiApplication.securityComponent',
      shape: 'rectangle',
      color: 'secondary',
      style: {
        border: 'none',
        opacity: 35,
        size: 'md',
      },
      description: {
        txt: 'Provides functionality related to signing in, changing passwords, etc.',
      },
      tags: [],
      technology: 'Spring Bean',
      kind: 'component',
      x: 574,
      y: 610,
      width: 323,
      height: 180,
      labelBBox: {
        x: 19,
        y: 26,
        width: 287,
        height: 90,
      },
    },
    {
      id: 'empleadoCentral.apiApplication.mainframeBankingSystemFacade',
      parent: 'empleadoCentral.apiApplication',
      level: 1,
      children: [],
      inEdges: [],
      outEdges: [],
      title: 'Mainframe Banking System Facade',
      modelRef: 'empleadoCentral.apiApplication.mainframeBankingSystemFacade',
      shape: 'rectangle',
      color: 'secondary',
      style: {
        border: 'none',
        opacity: 35,
        size: 'md',
      },
      description: {
        txt: 'A facade onto the mainframe banking system.',
      },
      tags: [],
      technology: 'Spring Bean',
      kind: 'component',
      x: 1117,
      y: 610,
      width: 354,
      height: 180,
      labelBBox: {
        x: 18,
        y: 35,
        width: 318,
        height: 72,
      },
    },
    {
      id: 'empleadoCentral.apiApplication.emailComponent',
      parent: 'empleadoCentral.apiApplication',
      level: 1,
      children: [],
      inEdges: [],
      outEdges: [],
      title: 'E-mail Component',
      modelRef: 'empleadoCentral.apiApplication.emailComponent',
      shape: 'rectangle',
      color: 'secondary',
      style: {
        border: 'none',
        opacity: 35,
        size: 'md',
      },
      description: {
        txt: 'Sends e-mails to users.',
      },
      tags: [],
      technology: 'Spring Bean',
      kind: 'component',
      x: 56,
      y: 911,
      width: 320,
      height: 180,
      labelBBox: {
        x: 77,
        y: 35,
        width: 167,
        height: 72,
      },
    },
    {
      id: 'spr',
      parent: null,
      level: 0,
      children: [],
      inEdges: [
        'ro268c',
      ],
      outEdges: [],
      title: 'Personal y Remuneraciones - SPR',
      modelRef: 'spr',
      shape: 'rectangle',
      color: 'primary',
      style: {
        border: 'none',
        opacity: 35,
        size: 'md',
      },
      description: {
        txt: 'Sistema de Personal y Remuneraciones.Evaluación Puestos Claves.Triple Pack (contratos/Renovación/Finiquito).Evaluación de desempeño. FMC Formulario de modificación Contractual . Adm y gestión del Personal. Remuneraciones. AutoConsulta.Vendedores a POS / descuento Institucional. Workflow de Vacaciones.',
      },
      tags: [
        'Critical',
        'APP00314',
        'people',
      ],
      notation: 'Software system',
      kind: 'system',
      x: 1654,
      y: 407,
      width: 367,
      height: 180,
      labelBBox: {
        x: 19,
        y: 9,
        width: 331,
        height: 124,
      },
    },
    {
      id: 'geoVictoria',
      parent: null,
      level: 0,
      children: [],
      inEdges: [
        '1itmn1p',
      ],
      outEdges: [],
      title: 'GeoVictoria',
      modelRef: 'geoVictoria',
      shape: 'rectangle',
      color: 'primary',
      style: {
        border: 'none',
        opacity: 35,
        size: 'md',
      },
      description: {
        txt: 'Asistencia Corporativa',
      },
      tags: [
        'APP02485',
        'people',
      ],
      notation: 'Software system',
      kind: 'system',
      x: 1669,
      y: 195,
      width: 320,
      height: 180,
      labelBBox: {
        x: 82,
        y: 45,
        width: 156,
        height: 52,
      },
    },
  ],
  edges: [
    {
      id: '1mt2l59',
      parent: null,
      source: 'GW',
      target: 'empleadoCentral.apiApplication.ApiMemp',
      label: 'HTTPS/OAUTH2',
      relations: [
        'pn0rsi',
      ],
      color: 'gray',
      line: 'dashed',
      head: 'normal',
      points: [
        [
          1411,
          135,
        ],
        [
          1411,
          189,
        ],
        [
          1411,
          265,
        ],
        [
          1411,
          317,
        ],
      ],
      labelBBox: {
        x: 1264,
        y: 181,
        width: 109,
        height: 18,
      },
      controlPoints: [
        {
          x: 1296,
          y: 225,
        },
      ],
    },
    {
      id: 'ro268c',
      parent: null,
      source: 'empleadoCentral.apiApplication.ApiMemp',
      target: 'spr',
      label: 'Personas [JODBC]',
      relations: [
        '1gd3f3k',
      ],
      color: 'gray',
      line: 'dashed',
      head: 'normal',
      points: [
        [
          1465,
          427,
        ],
        [
          1516,
          473,
        ],
        [
          1595,
          545,
        ],
        [
          1659,
          603,
        ],
      ],
      labelBBox: {
        x: 1635,
        y: 415,
        width: 121,
        height: 18,
      },
      controlPoints: [
        {
          x: 1612,
          y: 433,
        },
      ],
    },
    {
      id: '1itmn1p',
      parent: null,
      source: 'empleadoCentral.apiApplication.ApiMemp',
      target: 'geoVictoria',
      label: 'Ausentismos & Personas [REST]',
      relations: [
        'l0bl84',
      ],
      color: 'gray',
      line: 'dashed',
      head: 'normal',
      points: [
        [
          1501,
          413,
        ],
        [
          1617,
          457,
        ],
        [
          1826,
          538,
        ],
        [
          2004,
          610,
        ],
        [
          2019,
          616,
        ],
        [
          2034,
          622,
        ],
        [
          2050,
          628,
        ],
      ],
      labelBBox: {
        x: 1640,
        y: 298,
        width: 207,
        height: 18,
      },
      controlPoints: [
        {
          x: 1576,
          y: 338,
        },
        {
          x: 1718,
          y: 306,
        },
      ],
    },
  ],
  _layout: 'manual',
}
