{
  _type: 'element',
  tags: null,
  links: null,
  _stage: 'layouted',
  sourcePath: 'business/views.c4',
  description: null,
  title: 'Business Capability Map / Business Capability Map',
  id: 'EnterpriseSupport',
  autoLayout: {
    direction: 'TB',
  },
  notation: {
    nodes: [
      {
        title: 'Capacidad de Negocio',
        shape: 'rectangle',
        color: 'gray',
        kinds: [
          'capability',
        ],
      },
    ],
  },
  hash: 'STktBtiLYPve4-y_Koeu2cxkfRmWylYPkGYqer1sMLY',
  bounds: {
    x: -14,
    y: -11,
    width: 1084,
    height: 787,
  },
  nodes: [
    {
      id: '@gr1',
      parent: null,
      kind: '@group',
      title: 'Enterprise Support Domain',
      color: 'red',
      shape: 'rectangle',
      children: [
        'enterpriseSupportTi',
        'enterpriseSuppportPeople',
        'financialManagement',
      ],
      inEdges: [],
      outEdges: [],
      level: 0,
      depth: 1,
      tags: [],
      style: {
        border: 'solid',
        opacity: 20,
      },
      x: 6,
      y: 9,
      width: 674,
      height: 492,
      labelBBox: {
        x: 6,
        y: 0,
        width: 178,
        height: 15,
      },
      drifts: null,
    },
    {
      id: '@gr2',
      parent: null,
      kind: '@group',
      title: 'Core Business Domain',
      color: 'blue',
      shape: 'rectangle',
      children: [
        'digitalCommerce',
        'storesAndMerchandise',
        'supplyChain',
      ],
      inEdges: [],
      outEdges: [],
      level: 0,
      depth: 1,
      tags: [],
      style: {
        border: 'solid',
        opacity: 20,
      },
      x: 699,
      y: 9,
      width: 351,
      height: 747,
      labelBBox: {
        x: 6,
        y: 0,
        width: 142,
        height: 15,
      },
      drifts: null,
    },
    {
      id: 'enterpriseSupportTi',
      parent: '@gr1',
      level: 1,
      children: [],
      inEdges: [],
      outEdges: [],
      title: 'Enterprise Support TI',
      modelRef: 'enterpriseSupportTi',
      shape: 'rectangle',
      color: 'gray',
      style: {
        border: 'solid',
        opacity: 30,
        size: 'sm',
        textSize: 'sm',
      },
      tags: [],
      notation: 'Capacidad de Negocio',
      kind: 'capability',
      navigateTo: 'EnterpriseSupportTI_L1',
      x: 48,
      y: 69,
      width: 240,
      height: 135,
      labelBBox: {
        x: 43,
        y: 55,
        width: 155,
        height: 20,
      },
      drifts: null,
    },
    {
      id: 'enterpriseSuppportPeople',
      parent: '@gr1',
      level: 1,
      children: [],
      inEdges: [],
      outEdges: [],
      title: 'Enterprise Suppport People',
      modelRef: 'enterpriseSuppportPeople',
      shape: 'rectangle',
      color: 'gray',
      style: {
        border: 'solid',
        opacity: 30,
        size: 'sm',
        textSize: 'sm',
      },
      tags: [],
      notation: 'Capacidad de Negocio',
      kind: 'capability',
      navigateTo: 'EnterpriseSupportPeople_L1',
      x: 398,
      y: 69,
      width: 240,
      height: 135,
      labelBBox: {
        x: 20,
        y: 55,
        width: 200,
        height: 20,
      },
      drifts: null,
    },
    {
      id: 'financialManagement',
      parent: '@gr1',
      level: 1,
      children: [],
      inEdges: [],
      outEdges: [],
      title: 'Financial Management',
      modelRef: 'financialManagement',
      shape: 'rectangle',
      color: 'gray',
      style: {
        border: 'solid',
        opacity: 30,
        size: 'sm',
        textSize: 'sm',
      },
      tags: [],
      notation: 'Capacidad de Negocio',
      kind: 'capability',
      navigateTo: 'financialManagement_L1',
      x: 48,
      y: 324,
      width: 240,
      height: 135,
      labelBBox: {
        x: 38,
        y: 55,
        width: 165,
        height: 20,
      },
      drifts: null,
    },
    {
      id: 'digitalCommerce',
      parent: '@gr2',
      level: 1,
      children: [],
      inEdges: [],
      outEdges: [],
      title: 'Digital Commerce',
      modelRef: 'digitalCommerce',
      shape: 'rectangle',
      color: 'gray',
      style: {
        border: 'solid',
        opacity: 30,
        size: 'sm',
        textSize: 'sm',
      },
      tags: [],
      notation: 'Capacidad de Negocio',
      kind: 'capability',
      x: 741,
      y: 69,
      width: 240,
      height: 135,
      labelBBox: {
        x: 55,
        y: 55,
        width: 130,
        height: 20,
      },
      drifts: null,
    },
    {
      id: 'storesAndMerchandise',
      parent: '@gr2',
      level: 1,
      children: [],
      inEdges: [],
      outEdges: [],
      title: 'Stores and Merchandise',
      modelRef: 'storesAndMerchandise',
      shape: 'rectangle',
      color: 'gray',
      style: {
        border: 'solid',
        opacity: 30,
        size: 'sm',
        textSize: 'sm',
      },
      tags: [],
      notation: 'Capacidad de Negocio',
      kind: 'capability',
      x: 741,
      y: 324,
      width: 240,
      height: 135,
      labelBBox: {
        x: 31,
        y: 55,
        width: 178,
        height: 20,
      },
      drifts: null,
    },
    {
      id: 'supplyChain',
      parent: '@gr2',
      level: 1,
      children: [],
      inEdges: [],
      outEdges: [],
      title: 'Supply',
      modelRef: 'supplyChain',
      shape: 'rectangle',
      color: 'gray',
      style: {
        border: 'solid',
        opacity: 30,
        size: 'sm',
        textSize: 'sm',
      },
      tags: [],
      notation: 'Capacidad de Negocio',
      kind: 'capability',
      x: 768,
      y: 579,
      width: 240,
      height: 135,
      labelBBox: {
        x: 94,
        y: 55,
        width: 53,
        height: 20,
      },
      drifts: null,
    },
  ],
  edges: [],
  _layout: 'manual',
}
