{
  _type: 'element',
  tags: null,
  links: null,
  _stage: 'layouted',
  sourcePath: 'platforms/Digital Commerce/Post Purchase/post-purchase.views.c4',
  description: null,
  title: 'Platforms / Digital Commerce / Post Purchase / Systems',
  id: 'postPurchaseSystems',
  autoLayout: {
    direction: 'TB',
  },
  notation: {
    nodes: [
      {
        title: 'Software system',
        shape: 'rectangle',
        color: 'primary',
        kinds: [
          'system',
        ],
      },
    ],
  },
  hash: 'U_bpWW36vAcNlHaY3GUHlGnEVNA8t-L3vv9ptpmptoE',
  bounds: {
    x: -21,
    y: -11,
    width: 2383,
    height: 2815,
  },
  nodes: [
    {
      id: '@gr1',
      parent: null,
      kind: '@group',
      title: 'Post Purchase',
      color: 'gray',
      shape: 'rectangle',
      children: [
        'integraPlataformaAutogestion',
        'b2cPortalTottus',
        'abmClient',
        'medallia',
        'falabellaMobile',
        'vtexCrateBarrel',
        'libroReclamaciones',
        'zohoCom',
        'salesforceMarketingCloud',
        'sapf',
        'cuadraturaPreciosArs',
        'cuadraturaPreciosAtg',
        'anaconda',
        'asl',
        'gestionIntegralRepartoWebtracking',
        'hermes',
        'oroCrm',
        'accountingGateway',
        'salesforceCrmLinio',
        'salesSystem',
        'sellerSettlements',
        'invoicesMkp',
        'sellerOrder',
        'coreOrder',
        'mkoo',
        'fscWebModule',
        'salesforceServiceCloud',
        'jarvisLandingPage',
        'boss',
        'myAccount',
        'myCasesBff',
        'myCasesFront',
        'salesforceCustomerSodimac',
        'controlTower',
        'customerPolicies',
        'customerOrchestrator',
        'customerNotificationsSystem',
        'aclEntities',
        'apiCaseManagement',
        'frontCargasMasivasSf',
        'bffSodimac',
        'botSernac',
        'returnsOrder',
        'cargaMasivaSf',
        'myPurchase',
        'customerOrderSystem',
        'coreShipment',
        'sequenceGenerator',
        'refundPolicies',
        'retailSalesOrchestrator',
        'myOrders',
        'ivrPagoKmaleon',
        'ngOrders',
        'ivrHelpCenterGenAi',
        'automationBots',
        'sodimacCancelaciones',
        'genuine',
        'bushido',
      ],
      inEdges: [],
      outEdges: [],
      level: 0,
      depth: 1,
      tags: [],
      style: {
        border: 'solid',
        opacity: 20,
      },
      x: -1,
      y: 9,
      width: 2343,
      height: 2775,
      labelBBox: {
        x: 6,
        y: 0,
        width: 98,
        height: 15,
      },
      navigateTo: null,
      links: null,
    },
    {
      id: 'integraPlataformaAutogestion',
      parent: '@gr1',
      level: 1,
      children: [],
      inEdges: [],
      outEdges: [],
      title: 'Integra Plataforma Autogestion',
      modelRef: 'integraPlataformaAutogestion',
      shape: 'rectangle',
      color: 'primary',
      style: {
        border: 'none',
        opacity: 35,
        size: 'md',
      },
      description: {
        txt: 'Integra es una plataforma de autogestion diseñada para los empleados de Falabella Retail. Ofrece distintos modulos a los que los usuarios pueden acceder segun sus roles y permisos asignados. Entre las principales funcionalidades, se incluyen: Solicitud de permisos Prestamos Solicitud de retiro de cesantias Creacion de incapacidades Ademas, cuenta con muchas otras herramientas que facilitan la gestion de tramites y procesos internos.',
      },
      tags: [
        'post-purchase',
      ],
      notation: 'Software system',
      kind: 'system',
      navigateTo: 'c4_level1',
      x: 48,
      y: 69,
      width: 357,
      height: 180,
      labelBBox: {
        x: 19,
        y: 28,
        width: 321,
        height: 119,
      },
      links: null,
    },
    {
      id: 'b2cPortalTottus',
      parent: '@gr1',
      level: 1,
      children: [],
      inEdges: [],
      outEdges: [],
      title: 'B2C - Portal Tottus',
      modelRef: 'b2cPortalTottus',
      shape: 'rectangle',
      color: 'primary',
      style: {
        border: 'none',
        opacity: 35,
        size: 'md',
      },
      tags: [
        'post-purchase',
      ],
      notation: 'Software system',
      kind: 'system',
      x: 439,
      y: 75,
      width: 320,
      height: 180,
      labelBBox: {
        x: 76,
        y: 75,
        width: 169,
        height: 24,
      },
      navigateTo: null,
      links: null,
    },
    {
      id: 'abmClient',
      parent: '@gr1',
      level: 1,
      children: [],
      inEdges: [],
      outEdges: [],
      title: 'ABM Client',
      modelRef: 'abmClient',
      shape: 'rectangle',
      color: 'primary',
      style: {
        border: 'none',
        opacity: 35,
        size: 'md',
      },
      description: {
        txt: 'Aplicacion para el registro de Alta, Baja y Modificacion de Clientes Empresa. Aplica para todos los canales de venta.',
      },
      tags: [
        'post-purchase',
      ],
      notation: 'Software system',
      kind: 'system',
      x: 797,
      y: 75,
      width: 352,
      height: 180,
      labelBBox: {
        x: 18,
        y: 46,
        width: 316,
        height: 83,
      },
      navigateTo: null,
      links: null,
    },
    {
      id: 'medallia',
      parent: '@gr1',
      level: 1,
      children: [],
      inEdges: [],
      outEdges: [],
      title: 'Medallia',
      modelRef: 'medallia',
      shape: 'rectangle',
      color: 'primary',
      style: {
        border: 'none',
        opacity: 35,
        size: 'md',
      },
      description: {
        txt: 'Gestion de encuestras. Medallia es un SaaS para la Gestion de la Experiencia Cliente (CEM Customer Experience Management) y para la Gestion de Retroalimentacion Empresarial (EFM Enterprise Feedback Management). Como parte de un CRM (o de un CRM Social), Medallia  es una plataforma de software que permite captura voz del cliente, retroalimentacion a traves de la Web, de redes sociales, mobile y de centros de contacto. Analiza esta informacion en tiempo real y entrega flujos de trabajo de accion para ejecutivos, equipos centrales y de primera linea relacionados con satisfaccion y lealtad del cliente, resultados NPS y con el rendimiento general de la empresa.En Sodimac: Usa el servidor Malasia para la transferencia ida-vuelta de archivos con Proveedores externos. Los archivos los provee Adessa. Servidor administrado por Adessa. Transferencia es via SFTP.',
      },
      tags: [
        'post-purchase',
      ],
      notation: 'Software system',
      kind: 'system',
      x: 1193,
      y: 75,
      width: 372,
      height: 180,
      labelBBox: {
        x: 18,
        y: 28,
        width: 336,
        height: 119,
      },
      navigateTo: null,
      links: null,
    },
    {
      id: 'falabellaMobile',
      parent: '@gr1',
      level: 1,
      children: [],
      inEdges: [],
      outEdges: [],
      title: 'Falabella Mobile',
      modelRef: 'falabellaMobile',
      shape: 'rectangle',
      color: 'primary',
      style: {
        border: 'none',
        opacity: 35,
        size: 'md',
      },
      description: {
        txt: 'Aplicacion Mobile para Falabella.com',
      },
      tags: [
        'post-purchase',
      ],
      notation: 'Software system',
      kind: 'system',
      x: 67,
      y: 369,
      width: 320,
      height: 180,
      labelBBox: {
        x: 33,
        y: 64,
        width: 254,
        height: 47,
      },
      navigateTo: null,
      links: null,
    },
    {
      id: 'vtexCrateBarrel',
      parent: '@gr1',
      level: 1,
      children: [],
      inEdges: [],
      outEdges: [],
      title: 'VTEX-Crate&Barrel',
      modelRef: 'vtexCrateBarrel',
      shape: 'rectangle',
      color: 'primary',
      style: {
        border: 'none',
        opacity: 35,
        size: 'md',
      },
      description: {
        txt: 'Sitio Crate&Barrel',
      },
      tags: [
        'post-purchase',
      ],
      notation: 'Software system',
      kind: 'system',
      navigateTo: 'vtexCrateBarrel_Supports_Capabilities',
      x: 415,
      y: 369,
      width: 320,
      height: 180,
      labelBBox: {
        x: 72,
        y: 64,
        width: 177,
        height: 47,
      },
      links: null,
    },
    {
      id: 'libroReclamaciones',
      parent: '@gr1',
      level: 1,
      children: [],
      inEdges: [],
      outEdges: [],
      title: 'Libro de Reclamaciones',
      modelRef: 'libroReclamaciones',
      shape: 'rectangle',
      color: 'primary',
      style: {
        border: 'none',
        opacity: 35,
        size: 'md',
      },
      tags: [
        'post-purchase',
      ],
      notation: 'Software system',
      kind: 'system',
      x: 784,
      y: 369,
      width: 320,
      height: 180,
      labelBBox: {
        x: 52,
        y: 75,
        width: 216,
        height: 24,
      },
      navigateTo: null,
      links: null,
    },
    {
      id: 'zohoCom',
      parent: '@gr1',
      level: 1,
      children: [],
      inEdges: [],
      outEdges: [],
      title: 'Zoho.com',
      modelRef: 'zohoCom',
      shape: 'rectangle',
      color: 'primary',
      style: {
        border: 'none',
        opacity: 35,
        size: 'md',
      },
      tags: [
        'post-purchase',
      ],
      notation: 'Software system',
      kind: 'system',
      x: 1175,
      y: 363,
      width: 320,
      height: 180,
      labelBBox: {
        x: 114,
        y: 75,
        width: 92,
        height: 24,
      },
      navigateTo: null,
      links: null,
    },
    {
      id: 'salesforceMarketingCloud',
      parent: '@gr1',
      level: 1,
      children: [],
      inEdges: [],
      outEdges: [],
      title: 'Salesforce Marketing Cloud',
      modelRef: 'salesforceMarketingCloud',
      shape: 'rectangle',
      color: 'primary',
      style: {
        border: 'none',
        opacity: 35,
        size: 'md',
      },
      tags: [
        'post-purchase',
      ],
      notation: 'Software system',
      kind: 'system',
      x: 67,
      y: 669,
      width: 320,
      height: 180,
      labelBBox: {
        x: 36,
        y: 75,
        width: 248,
        height: 24,
      },
      navigateTo: null,
      links: null,
    },
    {
      id: 'sapf',
      parent: '@gr1',
      level: 1,
      children: [],
      inEdges: [],
      outEdges: [],
      title: 'SAPF',
      modelRef: 'sapf',
      shape: 'rectangle',
      color: 'primary',
      style: {
        border: 'none',
        opacity: 35,
        size: 'md',
      },
      tags: [
        'post-purchase',
      ],
      notation: 'Software system',
      kind: 'system',
      x: 420,
      y: 669,
      width: 320,
      height: 180,
      labelBBox: {
        x: 133,
        y: 75,
        width: 55,
        height: 24,
      },
      navigateTo: null,
      links: null,
    },
    {
      id: 'cuadraturaPreciosArs',
      parent: '@gr1',
      level: 1,
      children: [],
      inEdges: [],
      outEdges: [],
      title: 'Cuadratura de precios ARS',
      modelRef: 'cuadraturaPreciosArs',
      shape: 'rectangle',
      color: 'primary',
      style: {
        border: 'none',
        opacity: 35,
        size: 'md',
      },
      tags: [
        'post-purchase',
      ],
      notation: 'Software system',
      kind: 'system',
      x: 773,
      y: 663,
      width: 320,
      height: 180,
      labelBBox: {
        x: 37,
        y: 75,
        width: 246,
        height: 24,
      },
      navigateTo: null,
      links: null,
    },
    {
      id: 'cuadraturaPreciosAtg',
      parent: '@gr1',
      level: 1,
      children: [],
      inEdges: [],
      outEdges: [],
      title: 'Cuadratura de precios ATG',
      modelRef: 'cuadraturaPreciosAtg',
      shape: 'rectangle',
      color: 'primary',
      style: {
        border: 'none',
        opacity: 35,
        size: 'md',
      },
      tags: [
        'post-purchase',
      ],
      notation: 'Software system',
      kind: 'system',
      x: 1601,
      y: 366,
      width: 320,
      height: 180,
      labelBBox: {
        x: 38,
        y: 75,
        width: 244,
        height: 24,
      },
      navigateTo: null,
      links: null,
    },
    {
      id: 'anaconda',
      parent: '@gr1',
      level: 1,
      children: [],
      inEdges: [],
      outEdges: [],
      title: 'Anaconda',
      modelRef: 'anaconda',
      shape: 'rectangle',
      color: 'primary',
      style: {
        border: 'none',
        opacity: 35,
        size: 'md',
      },
      tags: [
        'post-purchase',
      ],
      notation: 'Software system',
      kind: 'system',
      x: 67,
      y: 969,
      width: 320,
      height: 180,
      labelBBox: {
        x: 114,
        y: 75,
        width: 93,
        height: 24,
      },
      navigateTo: null,
      links: null,
    },
    {
      id: 'asl',
      parent: '@gr1',
      level: 1,
      children: [],
      inEdges: [],
      outEdges: [],
      title: 'ASL',
      modelRef: 'asl',
      shape: 'rectangle',
      color: 'primary',
      style: {
        border: 'none',
        opacity: 35,
        size: 'md',
      },
      tags: [
        'post-purchase',
      ],
      notation: 'Software system',
      kind: 'system',
      x: 422,
      y: 963,
      width: 320,
      height: 180,
      labelBBox: {
        x: 140,
        y: 75,
        width: 41,
        height: 24,
      },
      navigateTo: null,
      links: null,
    },
    {
      id: 'gestionIntegralRepartoWebtracking',
      parent: '@gr1',
      level: 1,
      children: [],
      inEdges: [],
      outEdges: [],
      title: 'Gestion Integral de Reparto - Webtracking',
      modelRef: 'gestionIntegralRepartoWebtracking',
      shape: 'rectangle',
      color: 'primary',
      style: {
        border: 'none',
        opacity: 35,
        size: 'md',
      },
      tags: [
        'post-purchase',
      ],
      notation: 'Software system',
      kind: 'system',
      x: 1581,
      y: 671,
      width: 320,
      height: 180,
      labelBBox: {
        x: 30,
        y: 63,
        width: 260,
        height: 48,
      },
      navigateTo: null,
      links: null,
    },
    {
      id: 'hermes',
      parent: '@gr1',
      level: 1,
      children: [],
      inEdges: [],
      outEdges: [],
      title: 'Hermes',
      modelRef: 'hermes',
      shape: 'rectangle',
      color: 'primary',
      style: {
        border: 'none',
        opacity: 35,
        size: 'md',
      },
      tags: [
        'post-purchase',
      ],
      notation: 'Software system',
      kind: 'system',
      x: 1161,
      y: 665,
      width: 320,
      height: 180,
      labelBBox: {
        x: 124,
        y: 75,
        width: 72,
        height: 24,
      },
      navigateTo: null,
      links: null,
    },
    {
      id: 'oroCrm',
      parent: '@gr1',
      level: 1,
      children: [],
      inEdges: [],
      outEdges: [],
      title: 'Oro CRM',
      modelRef: 'oroCrm',
      shape: 'rectangle',
      color: 'primary',
      style: {
        border: 'none',
        opacity: 35,
        size: 'md',
      },
      tags: [
        'post-purchase',
      ],
      notation: 'Software system',
      kind: 'system',
      x: 67,
      y: 1269,
      width: 320,
      height: 180,
      labelBBox: {
        x: 116,
        y: 75,
        width: 88,
        height: 24,
      },
      navigateTo: null,
      links: null,
    },
    {
      id: 'accountingGateway',
      parent: '@gr1',
      level: 1,
      children: [],
      inEdges: [],
      outEdges: [],
      title: 'Accounting Gateway',
      modelRef: 'accountingGateway',
      shape: 'rectangle',
      color: 'primary',
      style: {
        border: 'none',
        opacity: 35,
        size: 'md',
      },
      tags: [
        'post-purchase',
      ],
      notation: 'Software system',
      kind: 'system',
      x: 779,
      y: 976,
      width: 320,
      height: 180,
      labelBBox: {
        x: 67,
        y: 75,
        width: 186,
        height: 24,
      },
      navigateTo: null,
      links: null,
    },
    {
      id: 'salesforceCrmLinio',
      parent: '@gr1',
      level: 1,
      children: [],
      inEdges: [],
      outEdges: [],
      title: 'Salesforce CRM Linio',
      modelRef: 'salesforceCrmLinio',
      shape: 'rectangle',
      color: 'primary',
      style: {
        border: 'none',
        opacity: 35,
        size: 'md',
      },
      tags: [
        'post-purchase',
      ],
      notation: 'Software system',
      kind: 'system',
      x: 1148,
      y: 971,
      width: 320,
      height: 180,
      labelBBox: {
        x: 62,
        y: 75,
        width: 196,
        height: 24,
      },
      navigateTo: null,
      links: null,
    },
    {
      id: 'salesSystem',
      parent: '@gr1',
      level: 1,
      children: [],
      inEdges: [],
      outEdges: [],
      title: 'Sales',
      modelRef: 'salesSystem',
      shape: 'rectangle',
      color: 'primary',
      style: {
        border: 'none',
        opacity: 35,
        size: 'md',
      },
      tags: [
        'post-purchase',
      ],
      notation: 'Software system',
      kind: 'system',
      x: 1584,
      y: 965,
      width: 320,
      height: 180,
      labelBBox: {
        x: 134,
        y: 75,
        width: 53,
        height: 24,
      },
      navigateTo: null,
      links: null,
    },
    {
      id: 'sellerSettlements',
      parent: '@gr1',
      level: 1,
      children: [],
      inEdges: [],
      outEdges: [],
      title: 'Seller Settlements',
      modelRef: 'sellerSettlements',
      shape: 'rectangle',
      color: 'primary',
      style: {
        border: 'none',
        opacity: 35,
        size: 'md',
      },
      tags: [
        'post-purchase',
      ],
      notation: 'Software system',
      kind: 'system',
      x: 72,
      y: 1569,
      width: 320,
      height: 180,
      labelBBox: {
        x: 78,
        y: 75,
        width: 165,
        height: 24,
      },
      navigateTo: null,
      links: null,
    },
    {
      id: 'invoicesMkp',
      parent: '@gr1',
      level: 1,
      children: [],
      inEdges: [],
      outEdges: [],
      title: 'Invoices(MKP)',
      modelRef: 'invoicesMkp',
      shape: 'rectangle',
      color: 'primary',
      style: {
        border: 'none',
        opacity: 35,
        size: 'md',
      },
      tags: [
        'post-purchase',
      ],
      notation: 'Software system',
      kind: 'system',
      x: 434,
      y: 1569,
      width: 320,
      height: 180,
      labelBBox: {
        x: 94,
        y: 75,
        width: 132,
        height: 24,
      },
      navigateTo: null,
      links: null,
    },
    {
      id: 'sellerOrder',
      parent: '@gr1',
      level: 1,
      children: [],
      inEdges: [],
      outEdges: [],
      title: 'Seller Order',
      modelRef: 'sellerOrder',
      shape: 'rectangle',
      color: 'primary',
      style: {
        border: 'none',
        opacity: 35,
        size: 'md',
      },
      tags: [
        'post-purchase',
      ],
      notation: 'Software system',
      kind: 'system',
      x: 782,
      y: 1569,
      width: 320,
      height: 180,
      labelBBox: {
        x: 105,
        y: 75,
        width: 111,
        height: 24,
      },
      navigateTo: null,
      links: null,
    },
    {
      id: 'coreOrder',
      parent: '@gr1',
      level: 1,
      children: [],
      inEdges: [],
      outEdges: [],
      title: 'Core Order',
      modelRef: 'coreOrder',
      shape: 'rectangle',
      color: 'primary',
      style: {
        border: 'none',
        opacity: 35,
        size: 'md',
      },
      tags: [
        'post-purchase',
      ],
      notation: 'Software system',
      kind: 'system',
      x: 1151,
      y: 1563,
      width: 320,
      height: 180,
      labelBBox: {
        x: 109,
        y: 75,
        width: 103,
        height: 24,
      },
      navigateTo: null,
      links: null,
    },
    {
      id: 'mkoo',
      parent: '@gr1',
      level: 1,
      children: [],
      inEdges: [],
      outEdges: [],
      title: 'Marketplace Order Orchestrator MKOO',
      modelRef: 'mkoo',
      shape: 'rectangle',
      color: 'primary',
      style: {
        border: 'none',
        opacity: 35,
        size: 'md',
      },
      tags: [
        'post-purchase',
      ],
      notation: 'Software system',
      kind: 'system',
      x: 48,
      y: 1869,
      width: 379,
      height: 180,
      labelBBox: {
        x: 15,
        y: 75,
        width: 351,
        height: 24,
      },
      navigateTo: null,
      links: null,
    },
    {
      id: 'fscWebModule',
      parent: '@gr1',
      level: 1,
      children: [],
      inEdges: [],
      outEdges: [],
      title: 'Finance and Payments web module FSC',
      modelRef: 'fscWebModule',
      shape: 'rectangle',
      color: 'primary',
      style: {
        border: 'none',
        opacity: 35,
        size: 'md',
      },
      tags: [
        'post-purchase',
      ],
      notation: 'Software system',
      kind: 'system',
      x: 455,
      y: 1869,
      width: 392,
      height: 180,
      labelBBox: {
        x: 14,
        y: 75,
        width: 364,
        height: 24,
      },
      navigateTo: null,
      links: null,
    },
    {
      id: 'salesforceServiceCloud',
      parent: '@gr1',
      level: 1,
      children: [],
      inEdges: [],
      outEdges: [],
      title: 'SalesForce Service Cloud',
      modelRef: 'salesforceServiceCloud',
      shape: 'rectangle',
      color: 'primary',
      style: {
        border: 'none',
        opacity: 35,
        size: 'md',
      },
      tags: [
        'post-purchase',
      ],
      notation: 'Software system',
      kind: 'system',
      x: 869,
      y: 1863,
      width: 320,
      height: 180,
      labelBBox: {
        x: 43,
        y: 75,
        width: 234,
        height: 24,
      },
      navigateTo: null,
      links: null,
    },
    {
      id: 'jarvisLandingPage',
      parent: '@gr1',
      level: 1,
      children: [],
      inEdges: [],
      outEdges: [],
      title: 'Jarvis landing page',
      modelRef: 'jarvisLandingPage',
      shape: 'rectangle',
      color: 'primary',
      style: {
        border: 'none',
        opacity: 35,
        size: 'md',
      },
      tags: [
        'post-purchase',
      ],
      notation: 'Software system',
      kind: 'system',
      x: 1221,
      y: 1858,
      width: 320,
      height: 180,
      labelBBox: {
        x: 73,
        y: 75,
        width: 175,
        height: 24,
      },
      navigateTo: null,
      links: null,
    },
    {
      id: 'boss',
      parent: '@gr1',
      level: 1,
      children: [],
      inEdges: [],
      outEdges: [],
      title: 'BOSS',
      modelRef: 'boss',
      shape: 'rectangle',
      color: 'primary',
      style: {
        border: 'none',
        opacity: 35,
        size: 'md',
      },
      tags: [
        'post-purchase',
      ],
      notation: 'Software system',
      kind: 'system',
      x: 1980,
      y: 86,
      width: 320,
      height: 180,
      labelBBox: {
        x: 131,
        y: 75,
        width: 58,
        height: 24,
      },
      navigateTo: null,
      links: null,
    },
    {
      id: 'myAccount',
      parent: '@gr1',
      level: 1,
      children: [],
      inEdges: [],
      outEdges: [],
      title: 'My Account',
      modelRef: 'myAccount',
      shape: 'rectangle',
      color: 'primary',
      style: {
        border: 'none',
        opacity: 35,
        size: 'md',
      },
      tags: [
        'post-purchase',
      ],
      notation: 'Software system',
      kind: 'system',
      x: 1975,
      y: 335,
      width: 320,
      height: 180,
      labelBBox: {
        x: 108,
        y: 75,
        width: 105,
        height: 24,
      },
      navigateTo: null,
      links: null,
    },
    {
      id: 'myCasesBff',
      parent: '@gr1',
      level: 1,
      children: [],
      inEdges: [],
      outEdges: [],
      title: 'My Cases BFF',
      modelRef: 'myCasesBff',
      shape: 'rectangle',
      color: 'primary',
      style: {
        border: 'none',
        opacity: 35,
        size: 'md',
      },
      tags: [
        'post-purchase',
      ],
      notation: 'Software system',
      kind: 'system',
      x: 1968,
      y: 666,
      width: 320,
      height: 180,
      labelBBox: {
        x: 93,
        y: 75,
        width: 135,
        height: 24,
      },
      navigateTo: null,
      links: null,
    },
    {
      id: 'myCasesFront',
      parent: '@gr1',
      level: 1,
      children: [],
      inEdges: [],
      outEdges: [],
      title: 'My Cases Front',
      modelRef: 'myCasesFront',
      shape: 'rectangle',
      color: 'primary',
      style: {
        border: 'none',
        opacity: 35,
        size: 'md',
      },
      tags: [
        'post-purchase',
      ],
      notation: 'Software system',
      kind: 'system',
      x: 1569,
      y: 1860,
      width: 320,
      height: 180,
      labelBBox: {
        x: 89,
        y: 75,
        width: 143,
        height: 24,
      },
      navigateTo: null,
      links: null,
    },
    {
      id: 'salesforceCustomerSodimac',
      parent: '@gr1',
      level: 1,
      children: [],
      inEdges: [],
      outEdges: [],
      title: 'Saleforce Customer Sodimac',
      modelRef: 'salesforceCustomerSodimac',
      shape: 'rectangle',
      color: 'primary',
      style: {
        border: 'none',
        opacity: 35,
        size: 'md',
      },
      tags: [
        'post-purchase',
      ],
      notation: 'Software system',
      kind: 'system',
      x: 1954,
      y: 972,
      width: 320,
      height: 180,
      labelBBox: {
        x: 29,
        y: 75,
        width: 262,
        height: 24,
      },
      navigateTo: null,
      links: null,
    },
    {
      id: 'controlTower',
      parent: '@gr1',
      level: 1,
      children: [],
      inEdges: [],
      outEdges: [],
      title: 'Control Tower',
      modelRef: 'controlTower',
      shape: 'rectangle',
      color: 'primary',
      style: {
        border: 'none',
        opacity: 35,
        size: 'md',
      },
      tags: [
        'post-purchase',
      ],
      notation: 'Software system',
      kind: 'system',
      x: 1936,
      y: 1231,
      width: 320,
      height: 180,
      labelBBox: {
        x: 97,
        y: 75,
        width: 126,
        height: 24,
      },
      navigateTo: null,
      links: null,
    },
    {
      id: 'customerPolicies',
      parent: '@gr1',
      level: 1,
      children: [],
      inEdges: [],
      outEdges: [],
      title: 'Customer Policies',
      modelRef: 'customerPolicies',
      shape: 'rectangle',
      color: 'primary',
      style: {
        border: 'none',
        opacity: 35,
        size: 'md',
      },
      tags: [
        'post-purchase',
      ],
      notation: 'Software system',
      kind: 'system',
      x: 1936,
      y: 1535,
      width: 320,
      height: 180,
      labelBBox: {
        x: 78,
        y: 75,
        width: 164,
        height: 24,
      },
      navigateTo: null,
      links: null,
    },
    {
      id: 'customerOrchestrator',
      parent: '@gr1',
      level: 1,
      children: [],
      inEdges: [],
      outEdges: [],
      title: 'Customer Orchestrator',
      modelRef: 'customerOrchestrator',
      shape: 'rectangle',
      color: 'primary',
      style: {
        border: 'none',
        opacity: 35,
        size: 'md',
      },
      tags: [
        'post-purchase',
      ],
      notation: 'Software system',
      kind: 'system',
      x: 1935,
      y: 1856,
      width: 320,
      height: 180,
      labelBBox: {
        x: 57,
        y: 75,
        width: 207,
        height: 24,
      },
      navigateTo: null,
      links: null,
    },
    {
      id: 'customerNotificationsSystem',
      parent: '@gr1',
      level: 1,
      children: [],
      inEdges: [],
      outEdges: [],
      title: 'Customer Notifications',
      modelRef: 'customerNotificationsSystem',
      shape: 'rectangle',
      color: 'primary',
      style: {
        border: 'none',
        opacity: 35,
        size: 'md',
      },
      tags: [
        'post-purchase',
      ],
      notation: 'Software system',
      kind: 'system',
      x: 65,
      y: 2112,
      width: 320,
      height: 180,
      labelBBox: {
        x: 58,
        y: 75,
        width: 204,
        height: 24,
      },
      navigateTo: null,
      links: null,
    },
    {
      id: 'aclEntities',
      parent: '@gr1',
      level: 1,
      children: [],
      inEdges: [],
      outEdges: [],
      title: 'ACL Entities',
      modelRef: 'aclEntities',
      shape: 'rectangle',
      color: 'primary',
      style: {
        border: 'none',
        opacity: 35,
        size: 'md',
      },
      tags: [
        'post-purchase',
      ],
      notation: 'Software system',
      kind: 'system',
      x: 445,
      y: 2106,
      width: 320,
      height: 180,
      labelBBox: {
        x: 104,
        y: 75,
        width: 112,
        height: 24,
      },
      navigateTo: null,
      links: null,
    },
    {
      id: 'apiCaseManagement',
      parent: '@gr1',
      level: 1,
      children: [],
      inEdges: [],
      outEdges: [],
      title: 'Api Case Management',
      modelRef: 'apiCaseManagement',
      shape: 'rectangle',
      color: 'primary',
      style: {
        border: 'none',
        opacity: 35,
        size: 'md',
      },
      tags: [
        'post-purchase',
      ],
      notation: 'Software system',
      kind: 'system',
      x: 858,
      y: 2112,
      width: 320,
      height: 180,
      labelBBox: {
        x: 57,
        y: 75,
        width: 206,
        height: 24,
      },
      navigateTo: null,
      links: null,
    },
    {
      id: 'frontCargasMasivasSf',
      parent: '@gr1',
      level: 1,
      children: [],
      inEdges: [],
      outEdges: [],
      title: 'Front cargas masivas SF',
      modelRef: 'frontCargasMasivasSf',
      shape: 'rectangle',
      color: 'primary',
      style: {
        border: 'none',
        opacity: 35,
        size: 'md',
      },
      tags: [
        'post-purchase',
      ],
      notation: 'Software system',
      kind: 'system',
      x: 1216,
      y: 2101,
      width: 320,
      height: 180,
      labelBBox: {
        x: 48,
        y: 75,
        width: 224,
        height: 24,
      },
      navigateTo: null,
      links: null,
    },
    {
      id: 'bffSodimac',
      parent: '@gr1',
      level: 1,
      children: [],
      inEdges: [],
      outEdges: [],
      title: 'BFF de Sodimac',
      modelRef: 'bffSodimac',
      shape: 'rectangle',
      color: 'primary',
      style: {
        border: 'none',
        opacity: 35,
        size: 'md',
      },
      tags: [
        'post-purchase',
      ],
      notation: 'Software system',
      kind: 'system',
      x: 48,
      y: 2334,
      width: 320,
      height: 180,
      labelBBox: {
        x: 85,
        y: 75,
        width: 151,
        height: 24,
      },
      navigateTo: null,
      links: null,
    },
    {
      id: 'botSernac',
      parent: '@gr1',
      level: 1,
      children: [],
      inEdges: [],
      outEdges: [],
      title: 'Bot de Sernac',
      modelRef: 'botSernac',
      shape: 'rectangle',
      color: 'primary',
      style: {
        border: 'none',
        opacity: 35,
        size: 'md',
      },
      tags: [
        'post-purchase',
      ],
      notation: 'Software system',
      kind: 'system',
      x: 428,
      y: 2323,
      width: 320,
      height: 180,
      labelBBox: {
        x: 96,
        y: 75,
        width: 129,
        height: 24,
      },
      navigateTo: null,
      links: null,
    },
    {
      id: 'returnsOrder',
      parent: '@gr1',
      level: 1,
      children: [],
      inEdges: [],
      outEdges: [],
      title: 'Returns Order',
      modelRef: 'returnsOrder',
      shape: 'rectangle',
      color: 'primary',
      style: {
        border: 'none',
        opacity: 35,
        size: 'md',
      },
      tags: [
        'post-purchase',
      ],
      notation: 'Software system',
      kind: 'system',
      x: 1935,
      y: 2091,
      width: 320,
      height: 180,
      labelBBox: {
        x: 96,
        y: 75,
        width: 129,
        height: 24,
      },
      navigateTo: null,
      links: null,
    },
    {
      id: 'cargaMasivaSf',
      parent: '@gr1',
      level: 1,
      children: [],
      inEdges: [],
      outEdges: [],
      title: 'Carga Masiva SF',
      modelRef: 'cargaMasivaSf',
      shape: 'rectangle',
      color: 'primary',
      style: {
        border: 'none',
        opacity: 35,
        size: 'md',
      },
      tags: [
        'post-purchase',
      ],
      notation: 'Software system',
      kind: 'system',
      x: 1581,
      y: 2091,
      width: 320,
      height: 180,
      labelBBox: {
        x: 82,
        y: 75,
        width: 157,
        height: 24,
      },
      navigateTo: null,
      links: null,
    },
    {
      id: 'myPurchase',
      parent: '@gr1',
      level: 1,
      children: [],
      inEdges: [],
      outEdges: [],
      title: 'My Purchase',
      modelRef: 'myPurchase',
      shape: 'rectangle',
      color: 'primary',
      style: {
        border: 'none',
        opacity: 35,
        size: 'md',
      },
      tags: [
        'post-purchase',
      ],
      notation: 'Software system',
      kind: 'system',
      x: 41,
      y: 2562,
      width: 320,
      height: 180,
      labelBBox: {
        x: 101,
        y: 75,
        width: 119,
        height: 24,
      },
      navigateTo: null,
      links: null,
    },
    {
      id: 'customerOrderSystem',
      parent: '@gr1',
      level: 1,
      children: [],
      inEdges: [],
      outEdges: [],
      title: 'Customer Order',
      modelRef: 'customerOrderSystem',
      shape: 'rectangle',
      color: 'primary',
      style: {
        border: 'none',
        opacity: 35,
        size: 'md',
      },
      tags: [
        'post-purchase',
      ],
      notation: 'Software system',
      kind: 'system',
      x: 787,
      y: 2330,
      width: 320,
      height: 180,
      labelBBox: {
        x: 87,
        y: 75,
        width: 147,
        height: 24,
      },
      navigateTo: null,
      links: null,
    },
    {
      id: 'coreShipment',
      parent: '@gr1',
      level: 1,
      children: [],
      inEdges: [],
      outEdges: [],
      title: 'core shipment',
      modelRef: 'coreShipment',
      shape: 'rectangle',
      color: 'primary',
      style: {
        border: 'none',
        opacity: 35,
        size: 'md',
      },
      tags: [
        'post-purchase',
      ],
      notation: 'Software system',
      kind: 'system',
      x: 1150,
      y: 2336,
      width: 320,
      height: 180,
      labelBBox: {
        x: 96,
        y: 75,
        width: 129,
        height: 24,
      },
      navigateTo: null,
      links: null,
    },
    {
      id: 'sequenceGenerator',
      parent: '@gr1',
      level: 1,
      children: [],
      inEdges: [],
      outEdges: [],
      title: 'sequence generator',
      modelRef: 'sequenceGenerator',
      shape: 'rectangle',
      color: 'primary',
      style: {
        border: 'none',
        opacity: 35,
        size: 'md',
      },
      tags: [
        'post-purchase',
      ],
      notation: 'Software system',
      kind: 'system',
      x: 1509,
      y: 2341,
      width: 320,
      height: 180,
      labelBBox: {
        x: 70,
        y: 75,
        width: 181,
        height: 24,
      },
      navigateTo: null,
      links: null,
    },
    {
      id: 'refundPolicies',
      parent: '@gr1',
      level: 1,
      children: [],
      inEdges: [],
      outEdges: [],
      title: 'Refund Policies',
      modelRef: 'refundPolicies',
      shape: 'rectangle',
      color: 'primary',
      style: {
        border: 'none',
        opacity: 35,
        size: 'md',
      },
      tags: [
        'post-purchase',
      ],
      notation: 'Software system',
      kind: 'system',
      x: 429,
      y: 2553,
      width: 320,
      height: 180,
      labelBBox: {
        x: 90,
        y: 75,
        width: 141,
        height: 24,
      },
      navigateTo: null,
      links: null,
    },
    {
      id: 'retailSalesOrchestrator',
      parent: '@gr1',
      level: 1,
      children: [],
      inEdges: [],
      outEdges: [],
      title: 'Retail Sales Orchestrator',
      modelRef: 'retailSalesOrchestrator',
      shape: 'rectangle',
      color: 'primary',
      style: {
        border: 'none',
        opacity: 35,
        size: 'md',
      },
      tags: [
        'post-purchase',
      ],
      notation: 'Software system',
      kind: 'system',
      x: 787,
      y: 2559,
      width: 320,
      height: 180,
      labelBBox: {
        x: 48,
        y: 75,
        width: 225,
        height: 24,
      },
      navigateTo: null,
      links: null,
    },
    {
      id: 'myOrders',
      parent: '@gr1',
      level: 1,
      children: [],
      inEdges: [],
      outEdges: [],
      title: 'My Orders',
      modelRef: 'myOrders',
      shape: 'rectangle',
      color: 'primary',
      style: {
        border: 'none',
        opacity: 35,
        size: 'md',
      },
      tags: [
        'post-purchase',
      ],
      notation: 'Software system',
      kind: 'system',
      x: 1145,
      y: 2558,
      width: 320,
      height: 180,
      labelBBox: {
        x: 112,
        y: 75,
        width: 96,
        height: 24,
      },
      navigateTo: null,
      links: null,
    },
    {
      id: 'ivrPagoKmaleon',
      parent: '@gr1',
      level: 1,
      children: [],
      inEdges: [],
      outEdges: [],
      title: 'IVR PAGO K-Maleon',
      modelRef: 'ivrPagoKmaleon',
      shape: 'rectangle',
      color: 'primary',
      style: {
        border: 'none',
        opacity: 35,
        size: 'md',
      },
      tags: [
        'post-purchase',
      ],
      notation: 'Software system',
      kind: 'system',
      x: 1890,
      y: 2332,
      width: 320,
      height: 180,
      labelBBox: {
        x: 66,
        y: 75,
        width: 188,
        height: 24,
      },
      navigateTo: null,
      links: null,
    },
    {
      id: 'ngOrders',
      parent: '@gr1',
      level: 1,
      children: [],
      inEdges: [],
      outEdges: [],
      title: 'ng orders',
      modelRef: 'ngOrders',
      shape: 'rectangle',
      color: 'primary',
      style: {
        border: 'none',
        opacity: 35,
        size: 'md',
      },
      tags: [
        'post-purchase',
      ],
      notation: 'Software system',
      kind: 'system',
      x: 788,
      y: 1262,
      width: 320,
      height: 180,
      labelBBox: {
        x: 117,
        y: 75,
        width: 87,
        height: 24,
      },
      navigateTo: null,
      links: null,
    },
    {
      id: 'ivrHelpCenterGenAi',
      parent: '@gr1',
      level: 1,
      children: [],
      inEdges: [],
      outEdges: [],
      title: 'IVR Help center GenAI',
      modelRef: 'ivrHelpCenterGenAi',
      shape: 'rectangle',
      color: 'primary',
      style: {
        border: 'none',
        opacity: 35,
        size: 'md',
      },
      tags: [
        'post-purchase',
      ],
      notation: 'Software system',
      kind: 'system',
      x: 1151,
      y: 1245,
      width: 320,
      height: 180,
      labelBBox: {
        x: 58,
        y: 75,
        width: 205,
        height: 24,
      },
      navigateTo: null,
      links: null,
    },
    {
      id: 'automationBots',
      parent: '@gr1',
      level: 1,
      children: [],
      inEdges: [],
      outEdges: [],
      title: 'Automation Bots',
      modelRef: 'automationBots',
      shape: 'rectangle',
      color: 'primary',
      style: {
        border: 'none',
        opacity: 35,
        size: 'md',
      },
      tags: [
        'post-purchase',
      ],
      notation: 'Software system',
      kind: 'system',
      x: 1565,
      y: 1533,
      width: 320,
      height: 180,
      labelBBox: {
        x: 86,
        y: 75,
        width: 149,
        height: 24,
      },
      navigateTo: null,
      links: null,
    },
    {
      id: 'sodimacCancelaciones',
      parent: '@gr1',
      level: 1,
      children: [],
      inEdges: [],
      outEdges: [],
      title: 'Sodimac Cancelaciones',
      modelRef: 'sodimacCancelaciones',
      shape: 'rectangle',
      color: 'primary',
      style: {
        border: 'none',
        opacity: 35,
        size: 'md',
      },
      tags: [
        'post-purchase',
      ],
      notation: 'Software system',
      kind: 'system',
      x: 1575,
      y: 1234,
      width: 320,
      height: 180,
      labelBBox: {
        x: 52,
        y: 75,
        width: 217,
        height: 24,
      },
      navigateTo: null,
      links: null,
    },
    {
      id: 'genuine',
      parent: '@gr1',
      level: 1,
      children: [],
      inEdges: [],
      outEdges: [],
      title: 'Genuine',
      modelRef: 'genuine',
      shape: 'rectangle',
      color: 'primary',
      style: {
        border: 'none',
        opacity: 35,
        size: 'md',
      },
      tags: [
        'post-purchase',
      ],
      notation: 'Software system',
      kind: 'system',
      x: 440,
      y: 1269,
      width: 320,
      height: 180,
      labelBBox: {
        x: 121,
        y: 75,
        width: 79,
        height: 24,
      },
      navigateTo: null,
      links: null,
    },
    {
      id: 'bushido',
      parent: '@gr1',
      level: 1,
      children: [],
      inEdges: [],
      outEdges: [],
      title: 'Bushido',
      modelRef: 'bushido',
      shape: 'rectangle',
      color: 'primary',
      style: {
        border: 'none',
        opacity: 35,
        size: 'md',
      },
      tags: [
        'post-purchase',
      ],
      notation: 'Software system',
      kind: 'system',
      x: 1608,
      y: 81,
      width: 320,
      height: 180,
      labelBBox: {
        x: 123,
        y: 75,
        width: 74,
        height: 24,
      },
      navigateTo: null,
      links: null,
    },
  ],
  edges: [],
  _layout: 'manual',
}
